Γû▓ Next.js 16.1.1 (Turbopack)
- Environments: .env.local

node.exe : ΓÜá The 
"middleware" file 
convention is 
deprecated. Please 
use "proxy" instead. 
Learn more: https://n
extjs.org/docs/messag
es/middleware-to-prox
y
At C:\Program Files\n
odejs\npx.ps1:29 
char:3
+   & $NODE_EXE 
$NPX_CLI_JS $args
+   ~~~~~~~~~~~~~~~~~
~~~~~~~~~~~~
    + CategoryInfo   
           : NotSpe  
  cified: (ΓÜá The   
  "middle...lewar    
e-to-proxy:Strin    
g) [], RemoteExc    
eption
    + FullyQualified 
   ErrorId : Native  
  CommandError
 
  Creating an optimized production build ...
Γ£ô Compiled successfully in 11.9s
  Running TypeScript ...
Failed to compile.

./app/dashboard/compo
nents/PaymentMixChart
.tsx:46:17
Type error: Type 'Pay
mentMethodSlice[]' 
is not assignable to 
type 
'ChartDataInput[]'.
  Type 
'PaymentMethodSlice' 
is not assignable to 
type 
'ChartDataInput'.
    Index signature 
for type 'string' is 
missing in type 
'PaymentMethodSlice'.

[0m [90m 44 |[39m 
            [33m<[3
9m[33mPieChart[39m
[33m>[39m
 [90m 45 |[39m     
          [33m<[39m
[33mPie[39m
[31m[1m>[22m[39m
[90m 46 |[39m       
          data[33m=
[39m{[33mPAYMENT_MIX
[39m}
 [90m    |[39m     
            
[31m[1m^[22m[39m
 [90m 47 |[39m     
            cx[33m=
[39m[32m"50%"[39m
 [90m 48 |[39m     
            cy[33m=
[39m[32m"50%"[39m
 [90m 49 |[39m     
            innerRadi
us[33m=[39m{[35m55
[39m}[0m
Next.js build worker 
exited with code: 1 
and signal: null
