app/dashboard/components/PaymentMixChart.tsx(28,17): error TS2322: Type 'PaymentMethodSlice[]' is not assignable to type 'ChartDataInput[]'.
  Type 'PaymentMethodSlice' is not assignable to type 'ChartDataInput'.
    Index signature for type 'string' is missing in type 'PaymentMethodSlice'.
app/dashboard/components/PaymentMixChart.tsx(49,17): error TS2322: Type '(value: number) => [string, ""]' is not assignable to type 'Formatter<number, "">'.
  Types of parameters 'value' and 'value' are incompatible.
    Type 'number | undefined' is not assignable to type 'number'.
      Type 'undefined' is not assignable to type 'number'.
